// Jest Snapshot v1, https://goo.gl/fbAQLP

exports[`should render the Address page 1`] = `
<div
  className="content-container"
>
  <h3>
     Where To Find Us
  </h3>
  <div>
    Childwall Sports and Science Academy
  </div>
  <div>
    Queens Drive
  </div>
  <div>
    Childwall
  </div>
  <div>
    L15 6XZ
  </div>
  <h3>
    Practice Session Time
  </h3>
  <li>
    Saturdays 2.00pm to 4.00pm
  </li>
  <li>
    Contact: 07515 546732
  </li>
  <p />
  <div
    style={
      Object {
        "height": "400px",
        "width": "100%",
      }
    }
  >
    <SimpleMap
      center={
        Object {
          "lat": 53.399373,
          "lng": 2.898834,
        }
      }
      zoom={16}
    />
  </div>
  <p>
    * Beginners always welcome but we ask you join the British Kendo Association after an introductory period.
  </p>
</div>
`;
