// Jest Snapshot v1, https://goo.gl/fbAQLP

exports[`should render Events form correctly 1`] = `
<div
  className="content-container"
>
  <h1>
    Events coming up
  </h1>
  <h2>
    Gradings
  </h2>
  <p />
  <p>
    ***Stoke seminar 28-07-2018 grading to Yondan
  </p>
  <p />
  <h2>
    Seminar
  </h2>
  <p />
  <h3>
    Ozawa Sensei seminar Edinburgh - 30th June
  </h3>
  <p>
    1. Hiroshi OZAWA Hachidan
  </p>
  <p />
  <h3>
    Three Hanshi from the 8th to the 12th August 2018
  </h3>
  <p>
    1. Saburo IWATATE sensei, Hanshi Hachidan
  </p>
  <p>
    2. Tamiya KO sensei, Hanshi Hachidan
  </p>
  <p>
    3. Michio UJIIE sensei, Hanshi Hachidan
  </p>
  <p>
    NB: There will also be a grading to Godan.
  </p>
  <h3>
    Kodokan International Seminar 30th August - 2nd September
  </h3>
  <p>
    1. Sumi Sensei Hanshi Hachidan
  </p>
  <p>
    2. Tashiro sensei Hachidan
  </p>
  <h2>
    Taikai
  </h2>
  <p>
    National Premier Cup 21st July
  </p>
  <p />
  <p>
    Tonbo Cup (Bolton) 4th August
  </p>
</div>
`;
