// Jest Snapshot v1, https://goo.gl/fbAQLP

exports[`the login page should render correctly 1`] = `
<div>
  <img
    alt="Liverpool Kendo Logo"
    className="logo"
    src="/images/lkc_logo.jpg"
  />
  <div
    className="box-layout"
  >
    <div
      className="box-layout__box"
    >
      <h1
        className="box-layout__title"
      >
        Liverpool Kendo Club
      </h1>
      <p
        className="box-layout__synopsis"
      >
        "The way of the sword"
      </p>
      <button
        className="button button--with-icon"
        onClick={[Function]}
      >
        <i
          className="icon-prepend fa fa-google button-icon"
        />
        Login with Google
      </button>
      <button
        className="button button--with-icon"
        onClick={[Function]}
        style={
          Object {
            "background": "#4267b2",
          }
        }
      >
        <i
          className="icon-prepend fa fa-facebook-f button-icon"
        />
        Login with Facebook
      </button>
    </div>
  </div>
  <a
    className="footer-text"
    href="http://www.britishkendoassociation.com"
    target="_Blank"
  >
    Member of the British Kendo Association
    <img
      alt="BKA Logo"
      className="bka-logo"
      src="/images/bka_logo3.png"
    />
  </a>
</div>
`;
